name@mx:~
$ sudo su
[sudo] password for name:     
root@mx:/home/name# snap
The snap command lets you install, configure, refresh and remove snaps.
Snaps are packages that work across many different Linux distributions,
enabling secure delivery and operation of the latest apps and utilities.

Usage: snap <command> [<options>...]

Commonly used commands can be classified as follows:

         Basics: find, info, install, remove, list
        ...more: refresh, revert, switch, disable, enable, create-cohort
        History: changes, tasks, abort, watch
        Daemons: services, start, stop, restart, logs
    Permissions: connections, interface, connect, disconnect
  Configuration: get, set, unset, wait
    App Aliases: alias, aliases, unalias, prefer
        Account: login, logout, whoami
      Snapshots: saved, save, check-snapshot, restore, forget
         Device: model, reboot, recovery
      ... Other: warnings, okay, known, ack, version
    Development: download, pack, run, try

For more information about a command, run 'snap help <command>'.
For a short summary of all commands, run 'snap help --all'.
root@mx:/home/name# snap install --classic certbot
error: cannot communicate with server: Post "http://localhost/v2/snaps/certbot": dial unix /run/snapd.socket: connect: no such file or directory
root@mx:/home/name# snap list
^C
root@mx:/home/name# snap info
error: the required argument `<snap> (at least 1 argument)` was not provided
root@mx:/home/name# service status snapd.service
status: unrecognized service
root@mx:/home/name# service
Usage: service < option > | --status-all | [ service_name [ command | --full-restart ] ]
root@mx:/home/name# service --status-all
 [ + ]  acpi-fakekey
 [ + ]  acpid
 [ ? ]  alsa-utils
 [ - ]  anacron
 [ + ]  apparmor
 [ + ]  avahi-daemon
 [ + ]  bluetooth
 [ - ]  bootlogd
 [ - ]  bootlogs
 [ - ]  bootmisc.sh
 [ ? ]  brightness
 [ + ]  cgmanager
 [ - ]  cgproxy
 [ - ]  checkfs.sh
 [ - ]  checkroot-bootclean.sh
 [ - ]  checkroot.sh
 [ + ]  chrony
 [ - ]  console-setup
 [ - ]  console-setup.sh
 [ ? ]  cpufrequtils
 [ + ]  cron
 [ ? ]  cryptdisks
 [ ? ]  cryptdisks-early
 [ + ]  cups
 [ + ]  cups-browsed
 [ + ]  dbus
 [ - ]  efimount
 [ + ]  haveged
 [ - ]  hostname.sh
 [ ? ]  hwclock.sh
 [ - ]  keyboard-setup
 [ - ]  keyboard-setup.sh
 [ - ]  killprocs
 [ ? ]  kmod
 [ + ]  lightdm
 [ - ]  lm-sensors
 [ ? ]  loadcpufreq
 [ - ]  mdadm
 [ - ]  mdadm-waitidle
 [ ? ]  mount-configfs
 [ - ]  mountall-bootclean.sh
 [ - ]  mountall.sh
 [ - ]  mountdevsubfs.sh
 [ - ]  mountkernfs.sh
 [ - ]  mountnfs-bootclean.sh
 [ - ]  mountnfs.sh
 [ + ]  network-manager
 [ ? ]  networking
 [ + ]  nfs-common
 [ - ]  nfs-kernel-server
 [ - ]  nfs-kernel-server.dpkg-distrib
 [ + ]  nginx
 [ + ]  nginx-debug
 [ + ]  nmbd
 [ - ]  oobe
 [ - ]  open-vm-tools
 [ - ]  openvpn
 [ ? ]  plymouth
 [ ? ]  plymouth-log
 [ - ]  procps
 [ - ]  rc.local
 [ - ]  rmnologin
 [ + ]  rpcbind
 [ - ]  rsync
 [ + ]  rsyslog
 [ - ]  samba-ad-dc
 [ + ]  saned
 [ - ]  sendsigs
 [ + ]  smartmontools
 [ + ]  smbd
 [ ? ]  speech-dispatcher
 [ - ]  spice-vdagent
 [ - ]  stop-bootlogd
 [ - ]  stop-bootlogd-single
 [ - ]  sudo
 [ + ]  tlp
 [ + ]  udev
 [ + ]  udev.dpkg-distrib
 [ + ]  ufw
 [ - ]  umountfs
 [ ? ]  umountnfs-alternative.sh
 [ - ]  umountnfs.sh
 [ - ]  umountroot
 [ - ]  unattended-upgrades
 [ - ]  urandom
 [ - ]  virtualbox-guest-utils
 [ - ]  virtualbox-guest-utils.dpkg-new
 [ - ]  x11-common
 [ - ]  zramswap
root@mx:/home/name# snapd
Command 'snapd' not found, did you mean:
  command 'zsnapd' from deb zsnapd
  command 'snmpd' from deb snmpd
  command 'snap' from deb snapd
  command 'slapd' from deb slapd
Try: apt install <deb name>
root@mx:/home/name# snap
The snap command lets you install, configure, refresh and remove snaps.
Snaps are packages that work across many different Linux distributions,
enabling secure delivery and operation of the latest apps and utilities.

Usage: snap <command> [<options>...]

Commonly used commands can be classified as follows:

         Basics: find, info, install, remove, list
        ...more: refresh, revert, switch, disable, enable, create-cohort
        History: changes, tasks, abort, watch
        Daemons: services, start, stop, restart, logs
    Permissions: connections, interface, connect, disconnect
  Configuration: get, set, unset, wait
    App Aliases: alias, aliases, unalias, prefer
        Account: login, logout, whoami
      Snapshots: saved, save, check-snapshot, restore, forget
         Device: model, reboot, recovery
      ... Other: warnings, okay, known, ack, version
    Development: download, pack, run, try

For more information about a command, run 'snap help <command>'.
For a short summary of all commands, run 'snap help --all'.
root@mx:/home/name# pip
Command 'pip' not found, but can be installed with:
apt install python3-pip
root@mx:/home/name# apt install python3-pip
Четене на списъците с пакети... Готово
Изграждане на дървото със зависимости... Готово
Четене на информацията за състоянието... Готово      
The following additional packages will be installed:
  python3-setuptools python3-wheel
Предложени пакети:
  python-setuptools-doc
Препоръчвани пакети:
  python3-dev
Следните НОВИ пакети ще бъдат инсталирани:
  python3-pip python3-setuptools python3-wheel
0 актуализирани, 3 нови инсталирани, 0 за премахване и 0 без промяна.
Необходимо е да се изтеглят 1877 kB архиви.
След тази операция ще бъде използвано 9567 kB допълнително дисково пространство.
Искате ли да продължите? [Y/n] y
Изт:1 http://deb.debian.org/debian bookworm/main amd64 python3-setuptools all 66.1.1-1+deb12u1 [522 kB]
Изт:2 http://deb.debian.org/debian bookworm/main amd64 python3-wheel all 0.38.4-2 [30,8 kB]
Изт:3 http://deb.debian.org/debian bookworm/main amd64 python3-pip all 23.0.1+dfsg-1 [1325 kB]
Изтеглени 1877 kB за 0с (8167 kB/сек)              
Selecting previously unselected package python3-setuptools.
(Reading database ... 339857 files and directories currently installed.)
Preparing to unpack .../python3-setuptools_66.1.1-1+deb12u1_all.deb ...
Unpacking python3-setuptools (66.1.1-1+deb12u1) ...
Selecting previously unselected package python3-wheel.
Preparing to unpack .../python3-wheel_0.38.4-2_all.deb ...
Unpacking python3-wheel (0.38.4-2) ...
Selecting previously unselected package python3-pip.
Preparing to unpack .../python3-pip_23.0.1+dfsg-1_all.deb ...
Unpacking python3-pip (23.0.1+dfsg-1) ...
Setting up python3-setuptools (66.1.1-1+deb12u1) ...
Setting up python3-wheel (0.38.4-2) ...
Setting up python3-pip (23.0.1+dfsg-1) ...
Processing triggers for man-db (2.11.2-2) ...
root@mx:/home/name# pip

Usage:   
  pip <command> [options]

Commands:
  install                     Install packages.
  download                    Download packages.
  uninstall                   Uninstall packages.
  freeze                      Output installed packages in requirements format.
  inspect                     Inspect the python environment.
  list                        List installed packages.
  show                        Show information about installed packages.
  check                       Verify installed packages have compatible dependencies.
  config                      Manage local and global configuration.
  search                      Search PyPI for packages.
  cache                       Inspect and manage pip's wheel cache.
  index                       Inspect information available from package indexes.
  wheel                       Build wheels from your requirements.
  hash                        Compute hashes of package archives.
  completion                  A helper command used for command completion.
  debug                       Show information useful for debugging.
  help                        Show help for commands.

General Options:
  -h, --help                  Show help.
  --debug                     Let unhandled exceptions propagate outside the main subroutine,
                              instead of logging them to stderr.
  --isolated                  Run pip in an isolated mode, ignoring environment variables and user
                              configuration.
  --require-virtualenv        Allow pip to only run in a virtual environment; exit with an error
                              otherwise.
  --python <python>           Run pip with the specified Python interpreter.
  -v, --verbose               Give more output. Option is additive, and can be used up to 3 times.
  -V, --version               Show version and exit.
  -q, --quiet                 Give less output. Option is additive, and can be used up to 3 times
                              (corresponding to WARNING, ERROR, and CRITICAL logging levels).
  --log <path>                Path to a verbose appending log.
  --no-input                  Disable prompting for input.
  --proxy <proxy>             Specify a proxy in the form
                              scheme://[user:passwd@]proxy.server:port.
  --retries <retries>         Maximum number of retries each connection should attempt (default 5
                              times).
  --timeout <sec>             Set the socket timeout (default 15 seconds).
  --exists-action <action>    Default action when a path already exists: (s)witch, (i)gnore,
                              (w)ipe, (b)ackup, (a)bort.
  --trusted-host <hostname>   Mark this host or host:port pair as trusted, even though it does not
                              have valid or any HTTPS.
  --cert <path>               Path to PEM-encoded CA certificate bundle. If provided, overrides
                              the default. See 'SSL Certificate Verification' in pip documentation
                              for more information.
  --client-cert <path>        Path to SSL client certificate, a single file containing the private
                              key and the certificate in PEM format.
  --cache-dir <dir>           Store the cache data in <dir>.
  --no-cache-dir              Disable the cache.
  --disable-pip-version-check
                              Don't periodically check PyPI to determine whether a new version of
                              pip is available for download. Implied with --no-index.
  --no-color                  Suppress colored output.
  --no-python-version-warning
                              Silence deprecation warnings for upcoming unsupported Pythons.
  --use-feature <feature>     Enable new functionality, that may be backward incompatible.
  --use-deprecated <feature>  Enable deprecated functionality, that will be removed in the future.
root@mx:/home/name# apt install python3 python3-venv libaugeas0
Четене на списъците с пакети... Готово
Изграждане на дървото със зависимости... Готово
Четене на информацията за състоянието... Готово      
python3 is already the newest version (3.11.2-1+b1).
python3 е отбелязан като ръчно инсталиран.
The following additional packages will be installed:
  augeas-lenses python3-pip-whl python3-setuptools-whl python3.11-venv
Предложени пакети:
  augeas-doc augeas-tools
Следните НОВИ пакети ще бъдат инсталирани:
  augeas-lenses libaugeas0 python3-pip-whl python3-setuptools-whl python3-venv python3.11-venv
0 актуализирани, 6 нови инсталирани, 0 за премахване и 0 без промяна.
Необходимо е да се изтеглят 3610 kB архиви.
След тази операция ще бъде използвано 5841 kB допълнително дисково пространство.
Искате ли да продължите? [Y/n] y
Изт:1 http://deb.debian.org/debian bookworm/main amd64 augeas-lenses all 1.14.0-1 [462 kB]
Изт:2 http://deb.debian.org/debian bookworm/main amd64 libaugeas0 amd64 1.14.0-1 [312 kB]
Изт:3 http://deb.debian.org/debian bookworm/main amd64 python3-pip-whl all 23.0.1+dfsg-1 [1717 kB]
Изт:4 http://deb.debian.org/debian bookworm/main amd64 python3-setuptools-whl all 66.1.1-1+deb12u1 [1112 kB]
Изт:5 http://deb.debian.org/debian bookworm/main amd64 python3.11-venv amd64 3.11.2-6+deb12u5 [5892 B]
Изт:6 http://deb.debian.org/debian bookworm/main amd64 python3-venv amd64 3.11.2-1+b1 [1200 B]
Изтеглени 3610 kB за 4с (997 kB/сек)               
Selecting previously unselected package augeas-lenses.
(Reading database ... 340780 files and directories currently installed.)
Preparing to unpack .../0-augeas-lenses_1.14.0-1_all.deb ...
Unpacking augeas-lenses (1.14.0-1) ...
Selecting previously unselected package libaugeas0:amd64.
Preparing to unpack .../1-libaugeas0_1.14.0-1_amd64.deb ...
Unpacking libaugeas0:amd64 (1.14.0-1) ...
Selecting previously unselected package python3-pip-whl.
Preparing to unpack .../2-python3-pip-whl_23.0.1+dfsg-1_all.deb ...
Unpacking python3-pip-whl (23.0.1+dfsg-1) ...
Selecting previously unselected package python3-setuptools-whl.
Preparing to unpack .../3-python3-setuptools-whl_66.1.1-1+deb12u1_all.deb ...
Unpacking python3-setuptools-whl (66.1.1-1+deb12u1) ...
Selecting previously unselected package python3.11-venv.
Preparing to unpack .../4-python3.11-venv_3.11.2-6+deb12u5_amd64.deb ...
Unpacking python3.11-venv (3.11.2-6+deb12u5) ...
Selecting previously unselected package python3-venv.
Preparing to unpack .../5-python3-venv_3.11.2-1+b1_amd64.deb ...
Unpacking python3-venv (3.11.2-1+b1) ...
Setting up python3-setuptools-whl (66.1.1-1+deb12u1) ...
Setting up python3-pip-whl (23.0.1+dfsg-1) ...
Setting up augeas-lenses (1.14.0-1) ...
Setting up python3.11-venv (3.11.2-6+deb12u5) ...
Setting up libaugeas0:amd64 (1.14.0-1) ...
Setting up python3-venv (3.11.2-1+b1) ...
Processing triggers for libc-bin (2.36-9+deb12u9) ...
root@mx:/home/name# apt-get remove certbot
Четене на списъците с пакети... Готово
Изграждане на дървото със зависимости... Готово
Четене на информацията за състоянието... Готово      
Пакетът „certbot“ не е инсталиран, така че не е премахнат
0 актуализирани, 0 нови инсталирани, 0 за премахване и 0 без промяна.
root@mx:/home/name# python3 -m venv /opt/certbot/
root@mx:/home/name# /opt/certbot/bin/pip install --upgrade pip
Requirement already satisfied: pip in /opt/certbot/lib/python3.11/site-packages (23.0.1)
Collecting pip
  Downloading pip-25.0.1-py3-none-any.whl (1.8 MB)
     ━━━━━━━━━━━━━━━━━━━━━━━━━━━━━━━━━━━━━━━━ 1.8/1.8 MB 803.1 kB/s eta 0:00:00                     
Installing collected packages: pip
  Attempting uninstall: pip
    Found existing installation: pip 23.0.1
    Uninstalling pip-23.0.1:
      Successfully uninstalled pip-23.0.1
Successfully installed pip-25.0.1
root@mx:/home/name# /opt/certbot/bin/pip install certbot certbot-nginx
Collecting certbot
  Downloading certbot-3.2.0-py3-none-any.whl.metadata (8.1 kB)
Collecting certbot-nginx
  Downloading certbot_nginx-3.2.0-py3-none-any.whl.metadata (1.5 kB)
Collecting acme>=3.2.0 (from certbot)
  Downloading acme-3.2.0-py3-none-any.whl.metadata (1.5 kB)
Collecting ConfigArgParse>=1.5.3 (from certbot)
  Downloading ConfigArgParse-1.7-py3-none-any.whl.metadata (23 kB)
Collecting configobj>=5.0.6 (from certbot)
  Downloading configobj-5.0.9-py2.py3-none-any.whl.metadata (3.2 kB)
Collecting cryptography>=43.0.0 (from certbot)
  Downloading cryptography-44.0.1-cp39-abi3-manylinux_2_34_x86_64.whl.metadata (5.7 kB)
Collecting distro>=1.0.1 (from certbot)
  Downloading distro-1.9.0-py3-none-any.whl.metadata (6.8 kB)
Collecting josepy<2,>=1.13.0 (from certbot)
  Downloading josepy-1.15.0-py3-none-any.whl.metadata (1.7 kB)
Collecting parsedatetime>=2.4 (from certbot)
  Downloading parsedatetime-2.6-py3-none-any.whl.metadata (4.7 kB)
Collecting pyrfc3339 (from certbot)
  Downloading pyRFC3339-2.0.1-py3-none-any.whl.metadata (2.1 kB)
Collecting pytz>=2019.3 (from certbot)
  Downloading pytz-2025.1-py2.py3-none-any.whl.metadata (22 kB)
Collecting PyOpenSSL>=25.0.0 (from certbot-nginx)
  Downloading pyOpenSSL-25.0.0-py3-none-any.whl.metadata (16 kB)
Collecting pyparsing>=2.4.7 (from certbot-nginx)
  Downloading pyparsing-3.2.1-py3-none-any.whl.metadata (5.0 kB)
Collecting requests>=2.20.0 (from acme>=3.2.0->certbot)
  Downloading requests-2.32.3-py3-none-any.whl.metadata (4.6 kB)
Collecting cffi>=1.12 (from cryptography>=43.0.0->certbot)
  Downloading cffi-1.17.1-cp311-cp311-manylinux_2_17_x86_64.manylinux2014_x86_64.whl.metadata (1.5 kB)
Collecting typing-extensions>=4.9 (from PyOpenSSL>=25.0.0->certbot-nginx)
  Downloading typing_extensions-4.12.2-py3-none-any.whl.metadata (3.0 kB)
Collecting pycparser (from cffi>=1.12->cryptography>=43.0.0->certbot)
  Downloading pycparser-2.22-py3-none-any.whl.metadata (943 bytes)
Collecting charset-normalizer<4,>=2 (from requests>=2.20.0->acme>=3.2.0->certbot)
  Downloading charset_normalizer-3.4.1-cp311-cp311-manylinux_2_17_x86_64.manylinux2014_x86_64.whl.metadata (35 kB)
Collecting idna<4,>=2.5 (from requests>=2.20.0->acme>=3.2.0->certbot)
  Downloading idna-3.10-py3-none-any.whl.metadata (10 kB)
Collecting urllib3<3,>=1.21.1 (from requests>=2.20.0->acme>=3.2.0->certbot)
  Downloading urllib3-2.3.0-py3-none-any.whl.metadata (6.5 kB)
Collecting certifi>=2017.4.17 (from requests>=2.20.0->acme>=3.2.0->certbot)
  Downloading certifi-2025.1.31-py3-none-any.whl.metadata (2.5 kB)
Downloading certbot-3.2.0-py3-none-any.whl (407 kB)
Downloading certbot_nginx-3.2.0-py3-none-any.whl (100 kB)
Downloading acme-3.2.0-py3-none-any.whl (97 kB)
Downloading ConfigArgParse-1.7-py3-none-any.whl (25 kB)
Downloading configobj-5.0.9-py2.py3-none-any.whl (35 kB)
Downloading cryptography-44.0.1-cp39-abi3-manylinux_2_34_x86_64.whl (4.2 MB)
   ━━━━━━━━━━━━━━━━━━━━━━━━━━━━━━━━━━━━━━━━ 4.2/4.2 MB 671.3 kB/s eta 0:00:00                       
Downloading distro-1.9.0-py3-none-any.whl (20 kB)
Downloading josepy-1.15.0-py3-none-any.whl (32 kB)
Downloading parsedatetime-2.6-py3-none-any.whl (42 kB)
Downloading pyOpenSSL-25.0.0-py3-none-any.whl (56 kB)
Downloading pyparsing-3.2.1-py3-none-any.whl (107 kB)
Downloading pytz-2025.1-py2.py3-none-any.whl (507 kB)
Downloading pyRFC3339-2.0.1-py3-none-any.whl (5.8 kB)
Downloading cffi-1.17.1-cp311-cp311-manylinux_2_17_x86_64.manylinux2014_x86_64.whl (467 kB)
Downloading requests-2.32.3-py3-none-any.whl (64 kB)
Downloading typing_extensions-4.12.2-py3-none-any.whl (37 kB)
Downloading certifi-2025.1.31-py3-none-any.whl (166 kB)
Downloading charset_normalizer-3.4.1-cp311-cp311-manylinux_2_17_x86_64.manylinux2014_x86_64.whl (143 kB)
Downloading idna-3.10-py3-none-any.whl (70 kB)
Downloading urllib3-2.3.0-py3-none-any.whl (128 kB)
Downloading pycparser-2.22-py3-none-any.whl (117 kB)
Installing collected packages: pytz, pyrfc3339, parsedatetime, urllib3, typing-extensions, pyparsing, pycparser, idna, distro, configobj, ConfigArgParse, charset-normalizer, certifi, requests, cffi, cryptography, PyOpenSSL, josepy, acme, certbot, certbot-nginx
Successfully installed ConfigArgParse-1.7 PyOpenSSL-25.0.0 acme-3.2.0 certbot-3.2.0 certbot-nginx-3.2.0 certifi-2025.1.31 cffi-1.17.1 charset-normalizer-3.4.1 configobj-5.0.9 cryptography-44.0.1 distro-1.9.0 idna-3.10 josepy-1.15.0 parsedatetime-2.6 pycparser-2.22 pyparsing-3.2.1 pyrfc3339-2.0.1 pytz-2025.1 requests-2.32.3 typing-extensions-4.12.2 urllib3-2.3.0
root@mx:/home/name# certbot --nginx
Command 'certbot' not found, but can be installed with:
apt install certbot
root@mx:/home/name# certbot
Command 'certbot' not found, but can be installed with:
apt install certbot
root@mx:/home/name# apt update 
